           Label  OldSharpe    Sharpe    RankIC  DeltaVsG
       營業利益／實際年增   0.011694  0.014509 -0.000162  0.006830
  營業利益／預測對去年同季預測   0.008358  0.012657 -0.000383  0.004978
  營收／實績公布時事前預期成長   0.008252  0.011728 -0.000503  0.004049
         營收／實際年增   0.008851  0.011705 -0.000482  0.004026
    營收／預測對去年同季預測   0.008403  0.008403 -0.000728  0.000724
      營收／預測對前季預測   0.007934  0.007934 -0.000738  0.000256
  營業利益／修正相對舊單季預測   0.006374  0.007730 -0.000561  0.000051
    營收／修正相對舊單季預測   0.007223  0.007118 -0.000741 -0.000561
   EPS／預測對去年同季實績   0.005567 -0.004021 -0.001123 -0.011700
     EPS／預測對前季實績   0.010706 -0.005597 -0.003188 -0.013275
營業利益／實績公布時事前預期成長   0.008183 -0.005804 -0.001454 -0.013483
        EPS／實際季增   0.011369 -0.008630 -0.001203 -0.016308
 EPS／實績公布時事前預期成長   0.010860 -0.011328 -0.001833 -0.019007
    營業利益／預測對前季預測   0.008367 -0.013146 -0.003264 -0.020824
   EPS／修正相對舊單季預測   0.011275 -0.016583 -0.002539 -0.024261
        EPS／實際年增   0.004715 -0.023576 -0.002864 -0.031254
EPS
          Label  OldSharpe    Sharpe    RankIC
  EPS／預測對去年同季實績   0.005567 -0.004021 -0.001123
    EPS／預測對前季實績   0.010706 -0.005597 -0.003188
       EPS／實際季增   0.011369 -0.008630 -0.001203
EPS／實績公布時事前預期成長   0.010860 -0.011328 -0.001833
  EPS／修正相對舊單季預測   0.011275 -0.016583 -0.002539
       EPS／實際年增   0.004715 -0.023576 -0.002864
Counts 7 0
                     Variant                         Feature Metric Reference  Difference   CI95Low  CI95High
              v16_feature_01            NetSalesActualGrowth Sharpe         g    0.004026 -0.000156  0.011476
              v16_feature_02          NetSalesExpectedGrowth Sharpe         g    0.004049 -0.000634  0.013180
              v16_feature_03             NetSalesForecastQoQ Sharpe         g    0.000256 -0.000329  0.001042
              v16_feature_04             NetSalesForecastYoY Sharpe         g    0.000724 -0.000282  0.001663
              v16_feature_05                NetSalesRevision Sharpe         g   -0.000288 -0.000682  0.000084
              v16_feature_06     OperatingProfitActualGrowth Sharpe         g    0.006830 -0.015223  0.028508
              v16_feature_07   OperatingProfitExpectedGrowth Sharpe         g   -0.013483 -0.033819  0.005912
              v16_feature_08      OperatingProfitForecastQoQ Sharpe         g   -0.020824 -0.030713 -0.003952
              v16_feature_09      OperatingProfitForecastYoY Sharpe         g    0.004978 -0.002255  0.013827
              v16_feature_10         OperatingProfitRevision Sharpe         g   -0.007475 -0.020803  0.001968
              v16_feature_11                 EPSActualGrowth Sharpe         g   -0.031254 -0.063594  0.008800
              v16_feature_12               EPSExpectedGrowth Sharpe         g   -0.019007 -0.049800  0.014930
              v16_feature_13                  EPSForecastQoQ Sharpe         g   -0.000639 -0.021454  0.022914
              v16_feature_14                  EPSForecastYoY Sharpe         g   -0.001778 -0.017229  0.017414
              v16_feature_15                     EPSRevision Sharpe         g    0.007088 -0.009959  0.028109
 v17_eps_forecast_actual_qoq            EPSForecastActualQoQ Sharpe         g   -0.013275 -0.044735  0.015182
 v17_eps_forecast_actual_yoy            EPSForecastActualYoY Sharpe         g   -0.011700 -0.035353  0.013489
 v17_sales_revision_relative        NetSalesRevisionRelative Sharpe         g   -0.000561 -0.001239  0.000164
v17_profit_revision_relative OperatingProfitRevisionRelative Sharpe         g    0.000051 -0.006016  0.006419
   v17_eps_revision_relative             EPSRevisionRelative Sharpe         g   -0.024261 -0.067044  0.009015
          v17_eps_actual_qoq                    EPSActualQoQ Sharpe         g   -0.016308 -0.071435  0.029074
