 Variant         Label   Sharpe    RankIC      MSE  DeltaSharpeVsG  DeltaRankICVsG  MedianLearningRate
       g          純價量g 0.007679 -0.000734 0.000665        0.000000        0.000000            0.071819
forecast g＋營業利益預測對去年預測 0.012657 -0.000383 0.000665        0.004978        0.000351            0.070132
revision    g＋營業利益預期修正 0.007730 -0.000561 0.000665        0.000051        0.000173            0.070799
   joint    g＋兩項營業利益特徵 0.011516 -0.000194 0.000664        0.003837        0.000540            0.069513
 Variant  ValidationYear  Days    Sharpe    RankIC      MSE
       g            2018   245 -0.011514 -0.001318 0.000666
       g            2019   241  0.050067  0.000502 0.000488
       g            2020   242  0.050857  0.002987 0.000991
       g            2021   225 -0.087605 -0.005408 0.000504
forecast            2018   245 -0.015150 -0.001788 0.000666
forecast            2019   241  0.050045  0.000711 0.000488
forecast            2020   242  0.050246  0.002886 0.000991
forecast            2021   225 -0.056979 -0.003527 0.000501
revision            2018   245 -0.015100 -0.001168 0.000666
revision            2019   241  0.049854  0.000525 0.000488
revision            2020   242  0.051307  0.002966 0.000991
revision            2021   225 -0.082853 -0.004841 0.000503
   joint            2018   245 -0.015915 -0.001638 0.000666
   joint            2019   241  0.051135  0.000713 0.000488
   joint            2020   242  0.050454  0.002854 0.000991
   joint            2021   225 -0.062996 -0.002860 0.000500
      Comparison Metric  Difference   CI95Low  CI95High
       joint - g Sharpe    0.003837 -0.004470  0.013174
       joint - g RankIC    0.000540 -0.000367  0.001151
joint - forecast Sharpe   -0.001141 -0.005873  0.002570
joint - forecast RankIC    0.000189 -0.000103  0.000558
joint - revision Sharpe    0.003786 -0.002574  0.010213
joint - revision RankIC    0.000367 -0.000393  0.000922
{'RankIC': -0.00019436559791794126, 'CI95Low': -0.006640075710077838, 'CI95High': 0.005904388594934224}
