139 files | original 4,849,362,597 bytes (4.516 GiB) | gzip 2,689,036,921 bytes (2.504 GiB)
VERIFIED  jpx_v12_financial_growth_20260913/six_financial/training_updates.csv
VERIFIED  jpx_v12_financial_growth_20260913/pre_period_fix/six_financial/training_updates.csv
VERIFIED  jpx_v14_filtered_forecast_events_20260914/source_dispositions.csv
VERIFIED  jpx_v15_soft_rank_filtered_20260914/sgd_sqrt/parameter_history.csv
VERIFIED  jpx_v15_soft_rank_filtered_20260914/sgd_only/parameter_history.csv
VERIFIED  jpx_expanding_threshold_20260910/inner_2021/q75/selected_trades.csv
VERIFIED  jpx_expanding_threshold_20260910/inner_2021/q50/selected_trades.csv
VERIFIED  jpx_expanding_threshold_20260910/inner_2021/q25/selected_trades.csv
VERIFIED  jpx_v23_g_thresholds_20260916/all_models_daily.csv
VERIFIED  jpx_v30_profit_actual_forecast_20260916/all_models_daily.csv
VERIFIED  jpx_v13_quarterly_sgd_sqrt_20260914/diagnostics_20260914/ranking/daily_metrics.csv
VERIFIED  jpx_v14_filtered_forecast_events_20260914/sgd_only/parameter_history.csv
VERIFIED  jpx_v13_quarterly_sgd_sqrt_20260914/sgd_only/parameter_history.csv
VERIFIED  jpx_v15_soft_rank_filtered_20260914/sgd_only/training_updates.csv
VERIFIED  jpx_v15_soft_rank_filtered_20260914/sgd_sqrt/training_updates.csv
VERIFIED  jpx_v13_quarterly_sgd_sqrt_20260914/sgd_sqrt/parameter_history.csv
VERIFIED  jpx_v14_filtered_forecast_events_20260914/sgd_sqrt/parameter_history.csv
VERIFIED  jpx_v24_g_train_validation_filters_20260916/all_models_daily.csv
VERIFIED  jpx_v13_quarterly_sgd_sqrt_20260914/sgd_only/training_updates.csv
VERIFIED  jpx_v14_filtered_forecast_events_20260914/sgd_only/training_updates.csv
VERIFIED  jpx_v13_quarterly_sgd_sqrt_20260914/sgd_sqrt/training_updates.csv
VERIFIED  jpx_v14_filtered_forecast_events_20260914/sgd_sqrt/training_updates.csv
VERIFIED  jpx_return_t_top10_20260911/position_events.csv
VERIFIED  jpx_ridge_top10_20260911/position_events.csv
VERIFIED  jpx_v12_financial_growth_20260913/source_dispositions.csv
VERIFIED  jpx_v12_financial_growth_20260913/pre_period_fix/source_dispositions.csv
VERIFIED  jpx_v29_learning_rate_sweep_20260916/all_models_daily.csv
VERIFIED  jpx_v30_profit_actual_forecast_20260916/announcement_quarter_alignment.csv
VERIFIED  jpx_v17_actual_forecast_revisions_20260915/all_models_daily.csv
VERIFIED  jpx_ridge_comparison_20260911/fixed_50_50_close/selected_trades.csv
VERIFIED  jpx_costs_top5_20260911/fixed50_close/gross_trade_templates.csv
VERIFIED  jpx_costs_top5_20260911/fixed30_close/gross_trade_templates.csv
VERIFIED  jpx_costs_top5_20260911/dynamic_close/gross_trade_templates.csv
VERIFIED  jpx_ridge_comparison_20260911/fixed_50_50/selected_trades.csv
VERIFIED  jpx_neutral_10pct_20260910/selected_trades.csv
VERIFIED  jpx_neutral_10pct_20260910/zip_verification/selected_trades.csv
VERIFIED  jpx_expanding_threshold_20260910/baseline_replay/selected_trades.csv
VERIFIED  jpx_signed_band_20260910/baseline_50_50/selected_trades.csv
VERIFIED  jpx_costs_top5_20260911/dynamic_target/gross_trade_templates.csv
VERIFIED  jpx_costs_top5_20260911/fixed30_target/gross_trade_templates.csv
VERIFIED  jpx_ridge_comparison_20260911/fixed_30_70_close/selected_trades.csv
VERIFIED  jpx_ridge_comparison_20260911/fixed_30_70/selected_trades.csv
VERIFIED  jpx_ridge_comparison_20260911/level_t_signed/selected_trades.csv
VERIFIED  jpx_signed_band_20260910/signed_smoothed/selected_trades.csv
VERIFIED  jpx_ridge_comparison_20260911/original_dynamic_close/selected_trades.csv
VERIFIED  jpx_stock_returns_20260910/selected_trades.csv
VERIFIED  jpx_return_t_20260911/selected_trades.csv
VERIFIED  jpx_stock_expanding_20260911/selected_trades.csv
VERIFIED  jpx_ridge_comparison_20260911/return_t_calendar_corrected_ols/selected_trades.csv
VERIFIED  jpx_ridge_comparison_20260911/return_t_signed/selected_trades.csv
VERIFIED  jpx_return_mean_20260911/selected_trades.csv
VERIFIED  jpx_ridge_comparison_20260911/return_t_calendar_corrected_ridge/selected_trades.csv
VERIFIED  jpx_ridge_comparison_20260911/original_dynamic/selected_trades.csv
VERIFIED  jpx_ridge_comparison_20260911/level_t_expanding/selected_trades.csv
VERIFIED  jpx_ridge_comparison_20260911/fixed_70_30_close/selected_trades.csv
VERIFIED  jpx_signed_band_20260910/expanding_no_neutral/selected_trades.csv
VERIFIED  jpx_return_t_top10_20260911/requested_orders.csv
VERIFIED  jpx_ridge_top10_20260911/requested_orders.csv
VERIFIED  jpx_v25_single_features_unfiltered_20260916/all_models_daily.csv
VERIFIED  jpx_neutral_10pct_20260910/zip_verification/rebuilt_proxy/share_disclosure_events.csv
VERIFIED  jpx_expanding_threshold_20260910/market_proxy/share_disclosure_events.csv
VERIFIED  jpx_signed_band_20260910/market_proxy/share_disclosure_events.csv
VERIFIED  jpx_costs_top5_20260911/fixed50_close/zero/trades.csv
VERIFIED  jpx_costs_top5_20260911/dynamic_close/zero/trades.csv
VERIFIED  jpx_costs_top5_20260911/fixed30_close/zero/trades.csv
VERIFIED  jpx_costs_top5_20260911/dynamic_target/zero/trades.csv
VERIFIED  jpx_costs_top5_20260911/fixed30_target/zero/trades.csv
VERIFIED  jpx_costs_top5_20260911/fixed50_close/commission_only/trades.csv
VERIFIED  jpx_costs_top5_20260911/fixed30_close/commission_only/trades.csv
VERIFIED  jpx_costs_top5_20260911/dynamic_close/commission_only/trades.csv
VERIFIED  jpx_costs_top5_20260911/dynamic_target/commission_only/trades.csv
VERIFIED  jpx_costs_top5_20260911/fixed30_target/commission_only/trades.csv
VERIFIED  jpx_costs_top5_20260911/fixed50_close/commission_spread/trades.csv
VERIFIED  jpx_costs_top5_20260911/fixed30_close/commission_spread/trades.csv
VERIFIED  jpx_costs_top5_20260911/dynamic_close/commission_spread/trades.csv
VERIFIED  jpx_costs_top5_20260911/dynamic_target/commission_spread/trades.csv
VERIFIED  jpx_costs_top5_20260911/fixed30_target/commission_spread/trades.csv
VERIFIED  jpx_costs_top5_20260911/fixed50_close/commission_spread_slippage/trades.csv
VERIFIED  jpx_costs_top5_20260911/fixed30_close/commission_spread_slippage/trades.csv
VERIFIED  jpx_costs_top5_20260911/dynamic_close/commission_spread_slippage/trades.csv
VERIFIED  jpx_costs_top5_20260911/fixed50_close/middle/trades.csv
VERIFIED  jpx_costs_top5_20260911/fixed50_close/low/trades.csv
VERIFIED  jpx_costs_top5_20260911/fixed50_close/high/trades.csv
VERIFIED  jpx_costs_top5_20260911/dynamic_target/commission_spread_slippage/trades.csv
VERIFIED  jpx_costs_top5_20260911/fixed30_target/commission_spread_slippage/trades.csv
VERIFIED  jpx_costs_top5_20260911/fixed30_close/middle/trades.csv
VERIFIED  jpx_costs_top5_20260911/dynamic_close/middle/trades.csv
VERIFIED  jpx_costs_top5_20260911/fixed30_close/low/trades.csv
VERIFIED  jpx_costs_top5_20260911/dynamic_close/low/trades.csv
VERIFIED  jpx_costs_top5_20260911/fixed30_close/high/trades.csv
VERIFIED  jpx_costs_top5_20260911/dynamic_close/high/trades.csv
VERIFIED  jpx_costs_top5_20260911/dynamic_target/middle/trades.csv
VERIFIED  jpx_costs_top5_20260911/fixed30_target/middle/trades.csv
VERIFIED  jpx_costs_top5_20260911/dynamic_target/low/trades.csv
VERIFIED  jpx_costs_top5_20260911/fixed30_target/low/trades.csv
VERIFIED  jpx_costs_top5_20260911/dynamic_target/high/trades.csv
VERIFIED  jpx_costs_top5_20260911/fixed30_target/high/trades.csv
VERIFIED  jpx_v16_single_financial_v7_20260915/all_models_daily.csv
VERIFIED  jpx_v19_qoq_predict_yoy_20260915/all_actual_events.pkl
VERIFIED  jpx_v19_qoq_predict_yoy_20260915/predictions.pkl
VERIFIED  jpx_v19_qoq_predict_yoy_20260915/all_actual_events.csv
VERIFIED  jpx_v27_profit_forecast_state_20260916/state_events.csv
VERIFIED  jpx_v13_quarterly_sgd_sqrt_20260914/diagnostics_20260914/features/quarter_rollforward.csv
VERIFIED  jpx_v19_qoq_predict_yoy_20260915/event_predictions.csv
VERIFIED  jpx_v14_filtered_forecast_events_20260914/quarter_forecasts.pkl
VERIFIED  jpx_v9_financial_decay_sgd_20260912/financial_events.pkl
VERIFIED  jpx_ridge_top10_20260911/selected_trades.csv
VERIFIED  jpx_return_t_top10_20260911/selected_trades.csv
VERIFIED  jpx_v27_profit_forecast_state_20260916/state_events.pkl
VERIFIED  jpx_v9_financial_decay_sgd_20260912/financial_events.csv
VERIFIED  jpx_v13_quarterly_sgd_sqrt_20260914/quarter_forecasts.pkl
VERIFIED  jpx_v17_actual_forecast_revisions_20260915/superseded_absolute_revision/new_financial_events.pkl
VERIFIED  jpx_v17_actual_forecast_revisions_20260915/new_financial_events.pkl
VERIFIED  jpx_v9_financial_decay_sgd_20260912/financial_records.pkl
VERIFIED  jpx_v12_financial_growth_20260913/financial_events.pkl
VERIFIED  jpx_v12_financial_growth_20260913/pre_period_fix/financial_events.pkl
VERIFIED  jpx_v12_financial_growth_20260913/financial_records.pkl
VERIFIED  jpx_v12_financial_growth_20260913/pre_period_fix/financial_records.pkl
VERIFIED  jpx_v13_quarterly_sgd_sqrt_20260914/financial_records.pkl
VERIFIED  jpx_v14_filtered_forecast_events_20260914/financial_records.pkl
VERIFIED  jpx_v14_filtered_forecast_events_20260914/financial_events.pkl
VERIFIED  jpx_v13_quarterly_sgd_sqrt_20260914/financial_events.pkl
VERIFIED  jpx_v9_financial_decay_sgd_20260912/financial_signal_features.pkl
VERIFIED  jpx_v11_persistent_finance_std22_20260913/financial_persistent_features.pkl
VERIFIED  jpx_v27_profit_forecast_state_20260916/financial_signal_features.pkl
VERIFIED  jpx_return_mean_20260911/price_return_1d.pkl
VERIFIED  jpx_v11_persistent_finance_std22_20260913/return_std22_features.pkl
VERIFIED  jpx_v5_daily_returns_20260912/one_day_returns.pkl
VERIFIED  jpx_v17_actual_forecast_revisions_20260915/superseded_absolute_revision/financial_signal_features.pkl
VERIFIED  jpx_v17_actual_forecast_revisions_20260915/financial_signal_features.pkl
VERIFIED  jpx_v12_financial_growth_20260913/financial_signal_features.pkl
VERIFIED  jpx_v12_financial_growth_20260913/pre_period_fix/financial_signal_features.pkl
VERIFIED  jpx_stock_returns_20260910/bars.pkl
VERIFIED  jpx_v13_quarterly_sgd_sqrt_20260914/financial_signal_features.pkl
VERIFIED  jpx_v14_filtered_forecast_events_20260914/financial_signal_features.pkl
VERIFIED  jpx_v8_soft_rank_20260912/inputs.pkl
VERIFIED  jpx_return_mean_20260911/ratio_features.pkl
VERIFIED  jpx_stock_returns_20260910/features.pkl
VERIFIED  jpx_return_t_20260911/return_t_features.pkl
Completed with 0 error(s). Compressed copies were retained.
