START 7984 jobs 6 workers
{"completed": 50, "total": 7984, "elapsed_seconds": 10.9, "statuses": {"insufficient_history": 2, "ok": 48}, "retries": 0, "last": {"code": 1852, "year": 2018, "status": "ok", "seconds": 1.835, "retries": 0}}
{"completed": 100, "total": 7984, "elapsed_seconds": 19.8, "statuses": {"insufficient_history": 3, "ok": 97}, "retries": 0, "last": {"code": 1980, "year": 2018, "status": "ok", "seconds": 1.397, "retries": 0}}
{"completed": 150, "total": 7984, "elapsed_seconds": 29.9, "statuses": {"insufficient_history": 3, "ok": 147}, "retries": 0, "last": {"code": 2270, "year": 2018, "status": "ok", "seconds": 1.054, "retries": 0}}
{"completed": 200, "total": 7984, "elapsed_seconds": 41.9, "statuses": {"insufficient_history": 3, "ok": 196, "fit_not_converged": 1}, "retries": 2, "last": {"code": 2475, "year": 2018, "status": "ok", "seconds": 1.502, "retries": 0}}
{"completed": 250, "total": 7984, "elapsed_seconds": 53.5, "statuses": {"insufficient_history": 3, "ok": 246, "fit_not_converged": 1}, "retries": 2, "last": {"code": 2760, "year": 2018, "status": "ok", "seconds": 0.677, "retries": 0}}
{"completed": 300, "total": 7984, "elapsed_seconds": 63.6, "statuses": {"insufficient_history": 7, "ok": 292, "fit_not_converged": 1}, "retries": 2, "last": {"code": 3002, "year": 2018, "status": "ok", "seconds": 1.572, "retries": 0}}
{"completed": 350, "total": 7984, "elapsed_seconds": 76.4, "statuses": {"insufficient_history": 7, "ok": 342, "fit_not_converged": 1}, "retries": 2, "last": {"code": 3196, "year": 2018, "status": "ok", "seconds": 0.294, "retries": 0}}
{"completed": 400, "total": 7984, "elapsed_seconds": 89.7, "statuses": {"insufficient_history": 8, "ok": 391, "fit_not_converged": 1}, "retries": 2, "last": {"code": 3407, "year": 2018, "status": "ok", "seconds": 3.246, "retries": 0}}
{"completed": 450, "total": 7984, "elapsed_seconds": 100.1, "statuses": {"insufficient_history": 16, "ok": 432, "fit_not_converged": 2}, "retries": 3, "last": {"code": 3673, "year": 2018, "status": "ok", "seconds": 1.272, "retries": 0}}
{"completed": 500, "total": 7984, "elapsed_seconds": 111.4, "statuses": {"insufficient_history": 16, "ok": 482, "fit_not_converged": 2}, "retries": 3, "last": {"code": 3919, "year": 2018, "status": "ok", "seconds": 2.252, "retries": 0}}
{"completed": 550, "total": 7984, "elapsed_seconds": 122.0, "statuses": {"insufficient_history": 24, "ok": 524, "fit_not_converged": 2}, "retries": 3, "last": {"code": 4088, "year": 2018, "status": "ok", "seconds": 1.253, "retries": 0}}
{"completed": 600, "total": 7984, "elapsed_seconds": 133.1, "statuses": {"insufficient_history": 30, "ok": 568, "fit_not_converged": 2}, "retries": 3, "last": {"code": 4298, "year": 2018, "status": "ok", "seconds": 1.2, "retries": 0}}
{"completed": 650, "total": 7984, "elapsed_seconds": 139.7, "statuses": {"insufficient_history": 54, "ok": 594, "fit_not_converged": 2}, "retries": 3, "last": {"code": 4485, "year": 2018, "status": "insufficient_history", "seconds": 0.0, "retries": 0}}
{"completed": 700, "total": 7984, "elapsed_seconds": 150.9, "statuses": {"insufficient_history": 59, "ok": 639, "fit_not_converged": 2}, "retries": 3, "last": {"code": 4584, "year": 2018, "status": "ok", "seconds": 1.028, "retries": 0}}
{"completed": 750, "total": 7984, "elapsed_seconds": 163.2, "statuses": {"insufficient_history": 60, "ok": 687, "fit_not_converged": 2, "fit_or_filter_exception": 1}, "retries": 3, "last": {"code": 4732, "year": 2018, "status": "ok", "seconds": 1.302, "retries": 0}}
{"completed": 800, "total": 7984, "elapsed_seconds": 174.6, "statuses": {"insufficient_history": 65, "ok": 732, "fit_not_converged": 2, "fit_or_filter_exception": 1}, "retries": 3, "last": {"code": 4958, "year": 2018, "status": "ok", "seconds": 1.177, "retries": 0}}
{"completed": 850, "total": 7984, "elapsed_seconds": 187.0, "statuses": {"insufficient_history": 65, "ok": 781, "fit_not_converged": 2, "fit_or_filter_exception": 2}, "retries": 3, "last": {"code": 5218, "year": 2018, "status": "ok", "seconds": 2.215, "retries": 0}}
{"completed": 900, "total": 7984, "elapsed_seconds": 198.9, "statuses": {"insufficient_history": 66, "ok": 828, "fit_not_converged": 3, "fit_or_filter_exception": 3}, "retries": 4, "last": {"code": 5726, "year": 2018, "status": "ok", "seconds": 0.448, "retries": 0}}
{"completed": 950, "total": 7984, "elapsed_seconds": 212.9, "statuses": {"insufficient_history": 66, "ok": 878, "fit_not_converged": 3, "fit_or_filter_exception": 3}, "retries": 4, "last": {"code": 6050, "year": 2018, "status": "ok", "seconds": 0.738, "retries": 0}}
{"completed": 1000, "total": 7984, "elapsed_seconds": 225.8, "statuses": {"insufficient_history": 68, "ok": 926, "fit_not_converged": 3, "fit_or_filter_exception": 3}, "retries": 4, "last": {"code": 6237, "year": 2018, "status": "ok", "seconds": 1.153, "retries": 0}}
{"completed": 1050, "total": 7984, "elapsed_seconds": 236.4, "statuses": {"insufficient_history": 68, "ok": 976, "fit_not_converged": 3, "fit_or_filter_exception": 3}, "retries": 4, "last": {"code": 6368, "year": 2018, "status": "ok", "seconds": 0.44, "retries": 0}}
{"completed": 1100, "total": 7984, "elapsed_seconds": 248.4, "statuses": {"insufficient_history": 68, "ok": 1025, "fit_not_converged": 3, "fit_or_filter_exception": 4}, "retries": 4, "last": {"code": 6486, "year": 2018, "status": "ok", "seconds": 0.537, "retries": 0}}
{"completed": 1150, "total": 7984, "elapsed_seconds": 259.0, "statuses": {"insufficient_history": 77, "ok": 1066, "fit_not_converged": 3, "fit_or_filter_exception": 4}, "retries": 4, "last": {"code": 6640, "year": 2018, "status": "ok", "seconds": 1.95, "retries": 0}}
{"completed": 1200, "total": 7984, "elapsed_seconds": 271.2, "statuses": {"insufficient_history": 78, "ok": 1115, "fit_not_converged": 3, "fit_or_filter_exception": 4}, "retries": 4, "last": {"code": 6817, "year": 2018, "status": "ok", "seconds": 0.503, "retries": 0}}
{"completed": 1250, "total": 7984, "elapsed_seconds": 284.0, "statuses": {"insufficient_history": 78, "ok": 1165, "fit_not_converged": 3, "fit_or_filter_exception": 4}, "retries": 5, "last": {"code": 6952, "year": 2018, "status": "ok", "seconds": 2.085, "retries": 0}}
{"completed": 1300, "total": 7984, "elapsed_seconds": 293.1, "statuses": {"insufficient_history": 94, "ok": 1199, "fit_not_converged": 3, "fit_or_filter_exception": 4}, "retries": 5, "last": {"code": 7177, "year": 2018, "status": "ok", "seconds": 1.295, "retries": 0}}
{"completed": 1350, "total": 7984, "elapsed_seconds": 304.4, "statuses": {"insufficient_history": 99, "ok": 1244, "fit_not_converged": 3, "fit_or_filter_exception": 4}, "retries": 5, "last": {"code": 7327, "year": 2018, "status": "insufficient_history", "seconds": 0.0, "retries": 0}}
{"completed": 1400, "total": 7984, "elapsed_seconds": 314.3, "statuses": {"insufficient_history": 105, "ok": 1288, "fit_not_converged": 3, "fit_or_filter_exception": 4}, "retries": 5, "last": {"code": 7550, "year": 2018, "status": "ok", "seconds": 1.893, "retries": 0}}
{"completed": 1450, "total": 7984, "elapsed_seconds": 325.4, "statuses": {"insufficient_history": 108, "ok": 1335, "fit_not_converged": 3, "fit_or_filter_exception": 4}, "retries": 5, "last": {"code": 7745, "year": 2018, "status": "ok", "seconds": 0.847, "retries": 0}}
{"completed": 1500, "total": 7984, "elapsed_seconds": 337.8, "statuses": {"insufficient_history": 113, "ok": 1380, "fit_not_converged": 3, "fit_or_filter_exception": 4}, "retries": 5, "last": {"code": 7947, "year": 2018, "status": "ok", "seconds": 1.487, "retries": 0}}
{"completed": 1550, "total": 7984, "elapsed_seconds": 349.1, "statuses": {"insufficient_history": 113, "ok": 1430, "fit_not_converged": 3, "fit_or_filter_exception": 4}, "retries": 5, "last": {"code": 8057, "year": 2018, "status": "ok", "seconds": 2.36, "retries": 0}}
{"completed": 1600, "total": 7984, "elapsed_seconds": 361.6, "statuses": {"insufficient_history": 113, "ok": 1480, "fit_not_converged": 3, "fit_or_filter_exception": 4}, "retries": 5, "last": {"code": 8182, "year": 2018, "status": "ok", "seconds": 0.893, "retries": 0}}
{"completed": 1650, "total": 7984, "elapsed_seconds": 373.9, "statuses": {"insufficient_history": 113, "ok": 1530, "fit_not_converged": 3, "fit_or_filter_exception": 4}, "retries": 5, "last": {"code": 8359, "year": 2018, "status": "ok", "seconds": 0.71, "retries": 0}}
{"completed": 1700, "total": 7984, "elapsed_seconds": 386.4, "statuses": {"insufficient_history": 113, "ok": 1580, "fit_not_converged": 3, "fit_or_filter_exception": 4}, "retries": 6, "last": {"code": 8601, "year": 2018, "status": "ok", "seconds": 0.481, "retries": 0}}
{"completed": 1750, "total": 7984, "elapsed_seconds": 401.0, "statuses": {"insufficient_history": 114, "ok": 1629, "fit_not_converged": 3, "fit_or_filter_exception": 4}, "retries": 6, "last": {"code": 8919, "year": 2018, "status": "insufficient_history", "seconds": 0.0, "retries": 0}}
{"completed": 1800, "total": 7984, "elapsed_seconds": 412.7, "statuses": {"insufficient_history": 114, "ok": 1679, "fit_not_converged": 3, "fit_or_filter_exception": 4}, "retries": 6, "last": {"code": 9076, "year": 2018, "status": "ok", "seconds": 0.791, "retries": 0}}
{"completed": 1850, "total": 7984, "elapsed_seconds": 424.2, "statuses": {"insufficient_history": 123, "ok": 1720, "fit_not_converged": 3, "fit_or_filter_exception": 4}, "retries": 6, "last": {"code": 9434, "year": 2018, "status": "insufficient_history", "seconds": 0.0, "retries": 0}}
{"completed": 1900, "total": 7984, "elapsed_seconds": 436.4, "statuses": {"insufficient_history": 124, "ok": 1769, "fit_not_converged": 3, "fit_or_filter_exception": 4}, "retries": 6, "last": {"code": 9622, "year": 2018, "status": "ok", "seconds": 2.147, "retries": 0}}
{"completed": 1950, "total": 7984, "elapsed_seconds": 449.5, "statuses": {"insufficient_history": 124, "ok": 1818, "fit_not_converged": 4, "fit_or_filter_exception": 4}, "retries": 7, "last": {"code": 9810, "year": 2018, "status": "ok", "seconds": 1.788, "retries": 0}}
{"completed": 2000, "total": 7984, "elapsed_seconds": 462.8, "statuses": {"insufficient_history": 125, "ok": 1866, "fit_not_converged": 4, "fit_or_filter_exception": 5}, "retries": 7, "last": {"code": 1333, "year": 2019, "status": "ok", "seconds": 1.497, "retries": 0}}
{"completed": 2050, "total": 7984, "elapsed_seconds": 475.6, "statuses": {"insufficient_history": 126, "ok": 1915, "fit_not_converged": 4, "fit_or_filter_exception": 5}, "retries": 7, "last": {"code": 1879, "year": 2019, "status": "ok", "seconds": 1.34, "retries": 0}}
{"completed": 2100, "total": 7984, "elapsed_seconds": 487.7, "statuses": {"insufficient_history": 127, "ok": 1964, "fit_not_converged": 4, "fit_or_filter_exception": 5}, "retries": 7, "last": {"code": 2009, "year": 2019, "status": "ok", "seconds": 0.886, "retries": 0}}
{"completed": 2150, "total": 7984, "elapsed_seconds": 503.1, "statuses": {"insufficient_history": 127, "ok": 2014, "fit_not_converged": 4, "fit_or_filter_exception": 5}, "retries": 7, "last": {"code": 2269, "year": 2019, "status": "ok", "seconds": 2.476, "retries": 0}}
{"completed": 2200, "total": 7984, "elapsed_seconds": 516.0, "statuses": {"insufficient_history": 127, "ok": 2064, "fit_not_converged": 4, "fit_or_filter_exception": 5}, "retries": 7, "last": {"code": 2492, "year": 2019, "status": "ok", "seconds": 1.468, "retries": 0}}
{"completed": 2250, "total": 7984, "elapsed_seconds": 529.0, "statuses": {"insufficient_history": 127, "ok": 2114, "fit_not_converged": 4, "fit_or_filter_exception": 5}, "retries": 7, "last": {"code": 2761, "year": 2019, "status": "ok", "seconds": 1.59, "retries": 0}}
{"completed": 2300, "total": 7984, "elapsed_seconds": 541.9, "statuses": {"insufficient_history": 131, "ok": 2160, "fit_not_converged": 4, "fit_or_filter_exception": 5}, "retries": 7, "last": {"code": 3040, "year": 2019, "status": "ok", "seconds": 0.564, "retries": 0}}
{"completed": 2350, "total": 7984, "elapsed_seconds": 554.9, "statuses": {"insufficient_history": 131, "ok": 2210, "fit_not_converged": 4, "fit_or_filter_exception": 5}, "retries": 7, "last": {"code": 3186, "year": 2019, "status": "ok", "seconds": 1.964, "retries": 0}}
{"completed": 2400, "total": 7984, "elapsed_seconds": 568.0, "statuses": {"insufficient_history": 132, "ok": 2259, "fit_not_converged": 4, "fit_or_filter_exception": 5}, "retries": 7, "last": {"code": 3457, "year": 2019, "status": "ok", "seconds": 1.83, "retries": 0}}
{"completed": 2450, "total": 7984, "elapsed_seconds": 580.5, "statuses": {"insufficient_history": 136, "ok": 2305, "fit_not_converged": 4, "fit_or_filter_exception": 5}, "retries": 7, "last": {"code": 3687, "year": 2019, "status": "ok", "seconds": 1.709, "retries": 0}}
{"completed": 2500, "total": 7984, "elapsed_seconds": 593.9, "statuses": {"insufficient_history": 136, "ok": 2355, "fit_not_converged": 4, "fit_or_filter_exception": 5}, "retries": 7, "last": {"code": 3937, "year": 2019, "status": "ok", "seconds": 0.914, "retries": 0}}
{"completed": 2550, "total": 7984, "elapsed_seconds": 607.7, "statuses": {"insufficient_history": 141, "ok": 2400, "fit_not_converged": 4, "fit_or_filter_exception": 5}, "retries": 7, "last": {"code": 4094, "year": 2019, "status": "ok", "seconds": 1.917, "retries": 0}}
{"completed": 2600, "total": 7984, "elapsed_seconds": 619.8, "statuses": {"insufficient_history": 146, "ok": 2444, "fit_not_converged": 4, "fit_or_filter_exception": 6}, "retries": 7, "last": {"code": 4310, "year": 2019, "status": "ok", "seconds": 1.237, "retries": 0}}
{"completed": 2650, "total": 7984, "elapsed_seconds": 626.3, "statuses": {"insufficient_history": 170, "ok": 2470, "fit_not_converged": 4, "fit_or_filter_exception": 6}, "retries": 7, "last": {"code": 4495, "year": 2019, "status": "insufficient_history", "seconds": 0.0, "retries": 0}}
{"completed": 2700, "total": 7984, "elapsed_seconds": 638.6, "statuses": {"insufficient_history": 172, "ok": 2517, "fit_not_converged": 4, "fit_or_filter_exception": 7}, "retries": 7, "last": {"code": 4611, "year": 2019, "status": "ok", "seconds": 0.288, "retries": 0}}
{"completed": 2750, "total": 7984, "elapsed_seconds": 652.1, "statuses": {"insufficient_history": 172, "ok": 2567, "fit_not_converged": 4, "fit_or_filter_exception": 7}, "retries": 7, "last": {"code": 4746, "year": 2019, "status": "ok", "seconds": 1.558, "retries": 0}}
{"completed": 2800, "total": 7984, "elapsed_seconds": 663.5, "statuses": {"insufficient_history": 177, "ok": 2612, "fit_not_converged": 4, "fit_or_filter_exception": 7}, "retries": 7, "last": {"code": 4966, "year": 2019, "status": "ok", "seconds": 0.862, "retries": 0}}
{"completed": 2850, "total": 7984, "elapsed_seconds": 676.8, "statuses": {"insufficient_history": 178, "ok": 2661, "fit_not_converged": 4, "fit_or_filter_exception": 7}, "retries": 7, "last": {"code": 5262, "year": 2019, "status": "ok", "seconds": 1.965, "retries": 0}}
{"completed": 2900, "total": 7984, "elapsed_seconds": 689.8, "statuses": {"insufficient_history": 178, "ok": 2711, "fit_not_converged": 4, "fit_or_filter_exception": 7}, "retries": 7, "last": {"code": 5715, "year": 2019, "status": "ok", "seconds": 2.307, "retries": 0}}
{"completed": 2950, "total": 7984, "elapsed_seconds": 702.5, "statuses": {"insufficient_history": 178, "ok": 2760, "fit_not_converged": 4, "fit_or_filter_exception": 8}, "retries": 7, "last": {"code": 6058, "year": 2019, "status": "ok", "seconds": 1.121, "retries": 0}}
{"completed": 3000, "total": 7984, "elapsed_seconds": 716.5, "statuses": {"insufficient_history": 179, "ok": 2809, "fit_not_converged": 4, "fit_or_filter_exception": 8}, "retries": 7, "last": {"code": 6246, "year": 2019, "status": "ok", "seconds": 0.514, "retries": 0}}
{"completed": 3050, "total": 7984, "elapsed_seconds": 729.3, "statuses": {"insufficient_history": 179, "ok": 2859, "fit_not_converged": 4, "fit_or_filter_exception": 8}, "retries": 7, "last": {"code": 6365, "year": 2019, "status": "ok", "seconds": 1.955, "retries": 0}}
{"completed": 3100, "total": 7984, "elapsed_seconds": 745.1, "statuses": {"insufficient_history": 179, "ok": 2909, "fit_not_converged": 4, "fit_or_filter_exception": 8}, "retries": 7, "last": {"code": 6485, "year": 2019, "status": "ok", "seconds": 1.884, "retries": 0}}
{"completed": 3150, "total": 7984, "elapsed_seconds": 757.4, "statuses": {"insufficient_history": 181, "ok": 2957, "fit_not_converged": 4, "fit_or_filter_exception": 8}, "retries": 7, "last": {"code": 6645, "year": 2019, "status": "ok", "seconds": 1.712, "retries": 0}}
{"completed": 3200, "total": 7984, "elapsed_seconds": 770.3, "statuses": {"insufficient_history": 181, "ok": 3007, "fit_not_converged": 4, "fit_or_filter_exception": 8}, "retries": 7, "last": {"code": 6817, "year": 2019, "status": "ok", "seconds": 1.609, "retries": 0}}
{"completed": 3250, "total": 7984, "elapsed_seconds": 783.2, "statuses": {"insufficient_history": 181, "ok": 3057, "fit_not_converged": 4, "fit_or_filter_exception": 8}, "retries": 7, "last": {"code": 6958, "year": 2019, "status": "ok", "seconds": 1.755, "retries": 0}}
{"completed": 3300, "total": 7984, "elapsed_seconds": 791.5, "statuses": {"insufficient_history": 197, "ok": 3091, "fit_not_converged": 4, "fit_or_filter_exception": 8}, "retries": 7, "last": {"code": 7189, "year": 2019, "status": "ok", "seconds": 0.674, "retries": 0}}
{"completed": 3350, "total": 7984, "elapsed_seconds": 803.2, "statuses": {"insufficient_history": 203, "ok": 3135, "fit_not_converged": 4, "fit_or_filter_exception": 8}, "retries": 7, "last": {"code": 7351, "year": 2019, "status": "insufficient_history", "seconds": 0.0, "retries": 0}}
{"completed": 3400, "total": 7984, "elapsed_seconds": 816.5, "statuses": {"insufficient_history": 205, "ok": 3183, "fit_not_converged": 4, "fit_or_filter_exception": 8}, "retries": 7, "last": {"code": 7554, "year": 2019, "status": "ok", "seconds": 2.997, "retries": 0}}
{"completed": 3450, "total": 7984, "elapsed_seconds": 828.9, "statuses": {"insufficient_history": 208, "ok": 3230, "fit_not_converged": 4, "fit_or_filter_exception": 8}, "retries": 7, "last": {"code": 7752, "year": 2019, "status": "ok", "seconds": 1.117, "retries": 0}}
{"completed": 3500, "total": 7984, "elapsed_seconds": 841.6, "statuses": {"insufficient_history": 212, "ok": 3276, "fit_not_converged": 4, "fit_or_filter_exception": 8}, "retries": 7, "last": {"code": 7947, "year": 2019, "status": "ok", "seconds": 2.551, "retries": 0}}
{"completed": 3550, "total": 7984, "elapsed_seconds": 855.8, "statuses": {"insufficient_history": 212, "ok": 3326, "fit_not_converged": 4, "fit_or_filter_exception": 8}, "retries": 7, "last": {"code": 8060, "year": 2019, "status": "ok", "seconds": 2.948, "retries": 0}}
{"completed": 3600, "total": 7984, "elapsed_seconds": 871.9, "statuses": {"insufficient_history": 212, "ok": 3376, "fit_not_converged": 4, "fit_or_filter_exception": 8}, "retries": 8, "last": {"code": 8203, "year": 2019, "status": "ok", "seconds": 0.603, "retries": 0}}
{"completed": 3650, "total": 7984, "elapsed_seconds": 885.9, "statuses": {"insufficient_history": 212, "ok": 3426, "fit_not_converged": 4, "fit_or_filter_exception": 8}, "retries": 8, "last": {"code": 8360, "year": 2019, "status": "ok", "seconds": 1.468, "retries": 0}}
{"completed": 3700, "total": 7984, "elapsed_seconds": 901.3, "statuses": {"insufficient_history": 212, "ok": 3476, "fit_not_converged": 4, "fit_or_filter_exception": 8}, "retries": 8, "last": {"code": 8628, "year": 2019, "status": "ok", "seconds": 0.69, "retries": 0}}
{"completed": 3750, "total": 7984, "elapsed_seconds": 914.8, "statuses": {"insufficient_history": 212, "ok": 3526, "fit_not_converged": 4, "fit_or_filter_exception": 8}, "retries": 8, "last": {"code": 8909, "year": 2019, "status": "ok", "seconds": 2.002, "retries": 0}}
{"completed": 3800, "total": 7984, "elapsed_seconds": 929.5, "statuses": {"insufficient_history": 212, "ok": 3576, "fit_not_converged": 4, "fit_or_filter_exception": 8}, "retries": 8, "last": {"code": 9081, "year": 2019, "status": "ok", "seconds": 2.061, "retries": 0}}
{"completed": 3850, "total": 7984, "elapsed_seconds": 940.9, "statuses": {"insufficient_history": 215, "ok": 3623, "fit_not_converged": 4, "fit_or_filter_exception": 8}, "retries": 8, "last": {"code": 9438, "year": 2019, "status": "ok", "seconds": 0.719, "retries": 0}}
{"completed": 3900, "total": 7984, "elapsed_seconds": 953.6, "statuses": {"insufficient_history": 215, "ok": 3672, "fit_not_converged": 4, "fit_or_filter_exception": 9}, "retries": 9, "last": {"code": 9629, "year": 2019, "status": "ok", "seconds": 1.75, "retries": 0}}
{"completed": 3950, "total": 7984, "elapsed_seconds": 968.3, "statuses": {"insufficient_history": 215, "ok": 3721, "fit_not_converged": 4, "fit_or_filter_exception": 10}, "retries": 9, "last": {"code": 9842, "year": 2019, "status": "ok", "seconds": 0.697, "retries": 0}}
{"completed": 4000, "total": 7984, "elapsed_seconds": 982.3, "statuses": {"insufficient_history": 216, "ok": 3770, "fit_not_converged": 4, "fit_or_filter_exception": 10}, "retries": 9, "last": {"code": 1419, "year": 2020, "status": "ok", "seconds": 1.024, "retries": 0}}
{"completed": 4050, "total": 7984, "elapsed_seconds": 994.8, "statuses": {"insufficient_history": 216, "ok": 3820, "fit_not_converged": 4, "fit_or_filter_exception": 10}, "retries": 9, "last": {"code": 1870, "year": 2020, "status": "ok", "seconds": 2.847, "retries": 0}}
{"completed": 4100, "total": 7984, "elapsed_seconds": 1007.5, "statuses": {"insufficient_history": 216, "ok": 3870, "fit_not_converged": 4, "fit_or_filter_exception": 10}, "retries": 9, "last": {"code": 2108, "year": 2020, "status": "ok", "seconds": 1.252, "retries": 0}}
{"completed": 4150, "total": 7984, "elapsed_seconds": 1021.9, "statuses": {"insufficient_history": 216, "ok": 3920, "fit_not_converged": 4, "fit_or_filter_exception": 10}, "retries": 9, "last": {"code": 2307, "year": 2020, "status": "ok", "seconds": 0.905, "retries": 0}}
{"completed": 4200, "total": 7984, "elapsed_seconds": 1036.3, "statuses": {"insufficient_history": 216, "ok": 3970, "fit_not_converged": 4, "fit_or_filter_exception": 10}, "retries": 9, "last": {"code": 2502, "year": 2020, "status": "ok", "seconds": 1.482, "retries": 0}}
{"completed": 4250, "total": 7984, "elapsed_seconds": 1049.3, "statuses": {"insufficient_history": 216, "ok": 4020, "fit_not_converged": 4, "fit_or_filter_exception": 10}, "retries": 9, "last": {"code": 2782, "year": 2020, "status": "ok", "seconds": 2.097, "retries": 0}}
{"completed": 4300, "total": 7984, "elapsed_seconds": 1062.0, "statuses": {"insufficient_history": 219, "ok": 4066, "fit_not_converged": 4, "fit_or_filter_exception": 11}, "retries": 9, "last": {"code": 3038, "year": 2020, "status": "ok", "seconds": 2.117, "retries": 0}}
{"completed": 4350, "total": 7984, "elapsed_seconds": 1076.7, "statuses": {"insufficient_history": 219, "ok": 4116, "fit_not_converged": 4, "fit_or_filter_exception": 11}, "retries": 9, "last": {"code": 3221, "year": 2020, "status": "ok", "seconds": 1.473, "retries": 0}}
{"completed": 4400, "total": 7984, "elapsed_seconds": 1089.8, "statuses": {"insufficient_history": 220, "ok": 4165, "fit_not_converged": 4, "fit_or_filter_exception": 11}, "retries": 9, "last": {"code": 3475, "year": 2020, "status": "ok", "seconds": 1.717, "retries": 0}}
{"completed": 4450, "total": 7984, "elapsed_seconds": 1102.6, "statuses": {"insufficient_history": 220, "ok": 4215, "fit_not_converged": 4, "fit_or_filter_exception": 11}, "retries": 9, "last": {"code": 3708, "year": 2020, "status": "ok", "seconds": 1.326, "retries": 0}}
{"completed": 4500, "total": 7984, "elapsed_seconds": 1115.2, "statuses": {"insufficient_history": 220, "ok": 4265, "fit_not_converged": 4, "fit_or_filter_exception": 11}, "retries": 9, "last": {"code": 3937, "year": 2020, "status": "ok", "seconds": 1.255, "retries": 0}}
{"completed": 4550, "total": 7984, "elapsed_seconds": 1128.6, "statuses": {"insufficient_history": 225, "ok": 4309, "fit_not_converged": 4, "fit_or_filter_exception": 12}, "retries": 9, "last": {"code": 4094, "year": 2020, "status": "ok", "seconds": 3.401, "retries": 0}}
{"completed": 4600, "total": 7984, "elapsed_seconds": 1141.6, "statuses": {"insufficient_history": 230, "ok": 4354, "fit_not_converged": 4, "fit_or_filter_exception": 12}, "retries": 11, "last": {"code": 4323, "year": 2020, "status": "ok", "seconds": 1.306, "retries": 0}}
{"completed": 4650, "total": 7984, "elapsed_seconds": 1152.8, "statuses": {"insufficient_history": 247, "ok": 4387, "fit_not_converged": 4, "fit_or_filter_exception": 12}, "retries": 11, "last": {"code": 4463, "year": 2020, "status": "ok", "seconds": 2.124, "retries": 0}}
{"completed": 4700, "total": 7984, "elapsed_seconds": 1168.1, "statuses": {"insufficient_history": 248, "ok": 4436, "fit_not_converged": 4, "fit_or_filter_exception": 12}, "retries": 11, "last": {"code": 4587, "year": 2020, "status": "ok", "seconds": 2.746, "retries": 0}}
{"completed": 4750, "total": 7984, "elapsed_seconds": 1184.4, "statuses": {"insufficient_history": 248, "ok": 4486, "fit_not_converged": 4, "fit_or_filter_exception": 12}, "retries": 11, "last": {"code": 4765, "year": 2020, "status": "ok", "seconds": 2.417, "retries": 0}}
{"completed": 4800, "total": 7984, "elapsed_seconds": 1200.1, "statuses": {"insufficient_history": 253, "ok": 4531, "fit_not_converged": 4, "fit_or_filter_exception": 12}, "retries": 11, "last": {"code": 4971, "year": 2020, "status": "ok", "seconds": 1.672, "retries": 0}}
{"completed": 4850, "total": 7984, "elapsed_seconds": 1216.4, "statuses": {"insufficient_history": 253, "ok": 4581, "fit_not_converged": 4, "fit_or_filter_exception": 12}, "retries": 11, "last": {"code": 5310, "year": 2020, "status": "ok", "seconds": 1.581, "retries": 0}}
{"completed": 4900, "total": 7984, "elapsed_seconds": 1232.4, "statuses": {"insufficient_history": 253, "ok": 4630, "fit_not_converged": 4, "fit_or_filter_exception": 13}, "retries": 11, "last": {"code": 5802, "year": 2020, "status": "ok", "seconds": 1.785, "retries": 0}}
{"completed": 4950, "total": 7984, "elapsed_seconds": 1249.5, "statuses": {"insufficient_history": 253, "ok": 4680, "fit_not_converged": 4, "fit_or_filter_exception": 13}, "retries": 11, "last": {"code": 6067, "year": 2020, "status": "ok", "seconds": 1.092, "retries": 0}}
{"completed": 5000, "total": 7984, "elapsed_seconds": 1266.1, "statuses": {"insufficient_history": 253, "ok": 4730, "fit_not_converged": 4, "fit_or_filter_exception": 13}, "retries": 11, "last": {"code": 6250, "year": 2020, "status": "ok", "seconds": 1.808, "retries": 0}}
{"completed": 5050, "total": 7984, "elapsed_seconds": 1284.3, "statuses": {"insufficient_history": 253, "ok": 4780, "fit_not_converged": 4, "fit_or_filter_exception": 13}, "retries": 11, "last": {"code": 6379, "year": 2020, "status": "ok", "seconds": 1.765, "retries": 0}}
{"completed": 5100, "total": 7984, "elapsed_seconds": 1300.9, "statuses": {"insufficient_history": 253, "ok": 4830, "fit_not_converged": 4, "fit_or_filter_exception": 13}, "retries": 11, "last": {"code": 6501, "year": 2020, "status": "ok", "seconds": 2.367, "retries": 0}}
{"completed": 5150, "total": 7984, "elapsed_seconds": 1316.8, "statuses": {"insufficient_history": 254, "ok": 4879, "fit_not_converged": 4, "fit_or_filter_exception": 13}, "retries": 11, "last": {"code": 6674, "year": 2020, "status": "ok", "seconds": 2.009, "retries": 0}}
{"completed": 5200, "total": 7984, "elapsed_seconds": 1332.3, "statuses": {"insufficient_history": 254, "ok": 4929, "fit_not_converged": 4, "fit_or_filter_exception": 13}, "retries": 11, "last": {"code": 6841, "year": 2020, "status": "ok", "seconds": 1.047, "retries": 0}}
{"completed": 5250, "total": 7984, "elapsed_seconds": 1352.3, "statuses": {"insufficient_history": 254, "ok": 4978, "fit_not_converged": 4, "fit_or_filter_exception": 14}, "retries": 11, "last": {"code": 6986, "year": 2020, "status": "fit_or_filter_exception", "seconds": 0.379, "retries": 0}}
{"completed": 5300, "total": 7984, "elapsed_seconds": 1366.6, "statuses": {"insufficient_history": 262, "ok": 5020, "fit_not_converged": 4, "fit_or_filter_exception": 14}, "retries": 11, "last": {"code": 7198, "year": 2020, "status": "ok", "seconds": 0.74, "retries": 0}}
{"completed": 5350, "total": 7984, "elapsed_seconds": 1380.9, "statuses": {"insufficient_history": 268, "ok": 5064, "fit_not_converged": 4, "fit_or_filter_exception": 14}, "retries": 12, "last": {"code": 7322, "year": 2020, "status": "ok", "seconds": 1.797, "retries": 0}}
{"completed": 5400, "total": 7984, "elapsed_seconds": 1398.3, "statuses": {"insufficient_history": 268, "ok": 5114, "fit_not_converged": 4, "fit_or_filter_exception": 14}, "retries": 12, "last": {"code": 7575, "year": 2020, "status": "ok", "seconds": 3.958, "retries": 0}}
{"completed": 5450, "total": 7984, "elapsed_seconds": 1414.0, "statuses": {"insufficient_history": 272, "ok": 5160, "fit_not_converged": 4, "fit_or_filter_exception": 14}, "retries": 13, "last": {"code": 7777, "year": 2020, "status": "ok", "seconds": 1.461, "retries": 0}}
{"completed": 5500, "total": 7984, "elapsed_seconds": 1430.6, "statuses": {"insufficient_history": 273, "ok": 5208, "fit_not_converged": 4, "fit_or_filter_exception": 15}, "retries": 13, "last": {"code": 7965, "year": 2020, "status": "ok", "seconds": 1.061, "retries": 0}}
{"completed": 5550, "total": 7984, "elapsed_seconds": 1448.5, "statuses": {"insufficient_history": 273, "ok": 5257, "fit_not_converged": 5, "fit_or_filter_exception": 15}, "retries": 14, "last": {"code": 8078, "year": 2020, "status": "ok", "seconds": 1.376, "retries": 0}}
{"completed": 5600, "total": 7984, "elapsed_seconds": 1465.8, "statuses": {"insufficient_history": 273, "ok": 5307, "fit_not_converged": 5, "fit_or_filter_exception": 15}, "retries": 15, "last": {"code": 8200, "year": 2020, "status": "ok", "seconds": 2.313, "retries": 0}}
{"completed": 5650, "total": 7984, "elapsed_seconds": 1484.1, "statuses": {"insufficient_history": 273, "ok": 5356, "fit_not_converged": 6, "fit_or_filter_exception": 15}, "retries": 16, "last": {"code": 8369, "year": 2020, "status": "ok", "seconds": 1.505, "retries": 0}}
{"completed": 5700, "total": 7984, "elapsed_seconds": 1502.6, "statuses": {"insufficient_history": 273, "ok": 5406, "fit_not_converged": 6, "fit_or_filter_exception": 15}, "retries": 16, "last": {"code": 8698, "year": 2020, "status": "ok", "seconds": 1.49, "retries": 0}}
{"completed": 5750, "total": 7984, "elapsed_seconds": 1520.4, "statuses": {"insufficient_history": 273, "ok": 5456, "fit_not_converged": 6, "fit_or_filter_exception": 15}, "retries": 16, "last": {"code": 8925, "year": 2020, "status": "ok", "seconds": 1.749, "retries": 0}}
{"completed": 5800, "total": 7984, "elapsed_seconds": 1539.4, "statuses": {"insufficient_history": 273, "ok": 5506, "fit_not_converged": 6, "fit_or_filter_exception": 15}, "retries": 16, "last": {"code": 9101, "year": 2020, "status": "ok", "seconds": 2.073, "retries": 0}}
{"completed": 5850, "total": 7984, "elapsed_seconds": 1558.6, "statuses": {"insufficient_history": 273, "ok": 5556, "fit_not_converged": 6, "fit_or_filter_exception": 15}, "retries": 16, "last": {"code": 9438, "year": 2020, "status": "ok", "seconds": 2.906, "retries": 0}}
{"completed": 5900, "total": 7984, "elapsed_seconds": 1578.1, "statuses": {"insufficient_history": 273, "ok": 5605, "fit_not_converged": 6, "fit_or_filter_exception": 16}, "retries": 16, "last": {"code": 9658, "year": 2020, "status": "ok", "seconds": 1.985, "retries": 0}}
{"completed": 5950, "total": 7984, "elapsed_seconds": 1595.7, "statuses": {"insufficient_history": 273, "ok": 5655, "fit_not_converged": 6, "fit_or_filter_exception": 16}, "retries": 16, "last": {"code": 9837, "year": 2020, "status": "ok", "seconds": 2.86, "retries": 0}}
{"completed": 6000, "total": 7984, "elapsed_seconds": 1614.8, "statuses": {"insufficient_history": 274, "ok": 5704, "fit_not_converged": 6, "fit_or_filter_exception": 16}, "retries": 16, "last": {"code": 1417, "year": 2021, "status": "ok", "seconds": 3.178, "retries": 0}}
{"completed": 6050, "total": 7984, "elapsed_seconds": 1634.4, "statuses": {"insufficient_history": 274, "ok": 5754, "fit_not_converged": 6, "fit_or_filter_exception": 16}, "retries": 16, "last": {"code": 1882, "year": 2021, "status": "ok", "seconds": 4.354, "retries": 0}}
{"completed": 6100, "total": 7984, "elapsed_seconds": 1651.8, "statuses": {"insufficient_history": 274, "ok": 5804, "fit_not_converged": 6, "fit_or_filter_exception": 16}, "retries": 16, "last": {"code": 2124, "year": 2021, "status": "ok", "seconds": 0.776, "retries": 0}}
{"completed": 6150, "total": 7984, "elapsed_seconds": 1668.2, "statuses": {"insufficient_history": 274, "ok": 5854, "fit_not_converged": 6, "fit_or_filter_exception": 16}, "retries": 16, "last": {"code": 2288, "year": 2021, "status": "ok", "seconds": 3.239, "retries": 0}}
{"completed": 6200, "total": 7984, "elapsed_seconds": 1689.9, "statuses": {"insufficient_history": 274, "ok": 5904, "fit_not_converged": 6, "fit_or_filter_exception": 16}, "retries": 17, "last": {"code": 2491, "year": 2021, "status": "ok", "seconds": 6.197, "retries": 0}}
{"completed": 6250, "total": 7984, "elapsed_seconds": 1707.9, "statuses": {"insufficient_history": 274, "ok": 5954, "fit_not_converged": 6, "fit_or_filter_exception": 16}, "retries": 17, "last": {"code": 2782, "year": 2021, "status": "ok", "seconds": 3.307, "retries": 0}}
{"completed": 6300, "total": 7984, "elapsed_seconds": 1726.5, "statuses": {"insufficient_history": 276, "ok": 6002, "fit_not_converged": 6, "fit_or_filter_exception": 16}, "retries": 17, "last": {"code": 3086, "year": 2021, "status": "ok", "seconds": 1.048, "retries": 0}}
{"completed": 6350, "total": 7984, "elapsed_seconds": 1743.6, "statuses": {"insufficient_history": 276, "ok": 6052, "fit_not_converged": 6, "fit_or_filter_exception": 16}, "retries": 17, "last": {"code": 3232, "year": 2021, "status": "ok", "seconds": 1.356, "retries": 0}}
{"completed": 6400, "total": 7984, "elapsed_seconds": 1761.3, "statuses": {"insufficient_history": 276, "ok": 6102, "fit_not_converged": 6, "fit_or_filter_exception": 16}, "retries": 17, "last": {"code": 3496, "year": 2021, "status": "ok", "seconds": 1.402, "retries": 0}}
{"completed": 6450, "total": 7984, "elapsed_seconds": 1780.3, "statuses": {"insufficient_history": 276, "ok": 6152, "fit_not_converged": 6, "fit_or_filter_exception": 16}, "retries": 18, "last": {"code": 3738, "year": 2021, "status": "ok", "seconds": 1.825, "retries": 0}}
{"completed": 6500, "total": 7984, "elapsed_seconds": 1803.5, "statuses": {"insufficient_history": 276, "ok": 6202, "fit_not_converged": 6, "fit_or_filter_exception": 16}, "retries": 19, "last": {"code": 3941, "year": 2021, "status": "ok", "seconds": 3.83, "retries": 0}}
{"completed": 6550, "total": 7984, "elapsed_seconds": 1819.6, "statuses": {"insufficient_history": 282, "ok": 6246, "fit_not_converged": 6, "fit_or_filter_exception": 16}, "retries": 19, "last": {"code": 4165, "year": 2021, "status": "insufficient_history", "seconds": 0.0, "retries": 0}}
{"completed": 6600, "total": 7984, "elapsed_seconds": 1839.2, "statuses": {"insufficient_history": 285, "ok": 6293, "fit_not_converged": 6, "fit_or_filter_exception": 16}, "retries": 19, "last": {"code": 4345, "year": 2021, "status": "ok", "seconds": 0.791, "retries": 0}}
{"completed": 6650, "total": 7984, "elapsed_seconds": 1858.6, "statuses": {"insufficient_history": 287, "ok": 6341, "fit_not_converged": 6, "fit_or_filter_exception": 16}, "retries": 19, "last": {"code": 4519, "year": 2021, "status": "ok", "seconds": 1.306, "retries": 0}}
{"completed": 6700, "total": 7984, "elapsed_seconds": 1877.5, "statuses": {"insufficient_history": 287, "ok": 6391, "fit_not_converged": 6, "fit_or_filter_exception": 16}, "retries": 19, "last": {"code": 4621, "year": 2021, "status": "ok", "seconds": 1.029, "retries": 0}}
{"completed": 6750, "total": 7984, "elapsed_seconds": 1897.6, "statuses": {"insufficient_history": 287, "ok": 6441, "fit_not_converged": 6, "fit_or_filter_exception": 16}, "retries": 20, "last": {"code": 4792, "year": 2021, "status": "ok", "seconds": 1.083, "retries": 0}}
{"completed": 6800, "total": 7984, "elapsed_seconds": 1918.3, "statuses": {"insufficient_history": 290, "ok": 6488, "fit_not_converged": 6, "fit_or_filter_exception": 16}, "retries": 20, "last": {"code": 4974, "year": 2021, "status": "ok", "seconds": 2.585, "retries": 0}}
{"completed": 6850, "total": 7984, "elapsed_seconds": 1937.4, "statuses": {"insufficient_history": 290, "ok": 6538, "fit_not_converged": 6, "fit_or_filter_exception": 16}, "retries": 20, "last": {"code": 5333, "year": 2021, "status": "ok", "seconds": 1.388, "retries": 0}}
{"completed": 6900, "total": 7984, "elapsed_seconds": 1956.3, "statuses": {"insufficient_history": 290, "ok": 6588, "fit_not_converged": 6, "fit_or_filter_exception": 16}, "retries": 20, "last": {"code": 5807, "year": 2021, "status": "ok", "seconds": 2.464, "retries": 0}}
{"completed": 6950, "total": 7984, "elapsed_seconds": 1976.8, "statuses": {"insufficient_history": 290, "ok": 6638, "fit_not_converged": 6, "fit_or_filter_exception": 16}, "retries": 20, "last": {"code": 6062, "year": 2021, "status": "ok", "seconds": 4.245, "retries": 0}}
{"completed": 7000, "total": 7984, "elapsed_seconds": 1995.9, "statuses": {"insufficient_history": 290, "ok": 6688, "fit_not_converged": 6, "fit_or_filter_exception": 16}, "retries": 20, "last": {"code": 6258, "year": 2021, "status": "ok", "seconds": 1.106, "retries": 0}}
{"completed": 7050, "total": 7984, "elapsed_seconds": 2015.0, "statuses": {"insufficient_history": 290, "ok": 6738, "fit_not_converged": 6, "fit_or_filter_exception": 16}, "retries": 20, "last": {"code": 6383, "year": 2021, "status": "ok", "seconds": 1.895, "retries": 0}}
{"completed": 7100, "total": 7984, "elapsed_seconds": 2033.8, "statuses": {"insufficient_history": 290, "ok": 6788, "fit_not_converged": 6, "fit_or_filter_exception": 16}, "retries": 20, "last": {"code": 6516, "year": 2021, "status": "ok", "seconds": 1.181, "retries": 0}}
{"completed": 7150, "total": 7984, "elapsed_seconds": 2049.8, "statuses": {"insufficient_history": 291, "ok": 6837, "fit_not_converged": 6, "fit_or_filter_exception": 16}, "retries": 20, "last": {"code": 6707, "year": 2021, "status": "ok", "seconds": 0.84, "retries": 0}}
{"completed": 7200, "total": 7984, "elapsed_seconds": 2069.3, "statuses": {"insufficient_history": 291, "ok": 6887, "fit_not_converged": 6, "fit_or_filter_exception": 16}, "retries": 20, "last": {"code": 6841, "year": 2021, "status": "ok", "seconds": 3.424, "retries": 0}}
{"completed": 7250, "total": 7984, "elapsed_seconds": 2088.5, "statuses": {"insufficient_history": 291, "ok": 6937, "fit_not_converged": 6, "fit_or_filter_exception": 16}, "retries": 20, "last": {"code": 6986, "year": 2021, "status": "ok", "seconds": 2.041, "retries": 0}}
{"completed": 7300, "total": 7984, "elapsed_seconds": 2108.0, "statuses": {"insufficient_history": 292, "ok": 6986, "fit_not_converged": 6, "fit_or_filter_exception": 16}, "retries": 20, "last": {"code": 7192, "year": 2021, "status": "ok", "seconds": 2.487, "retries": 0}}
{"completed": 7350, "total": 7984, "elapsed_seconds": 2123.3, "statuses": {"insufficient_history": 298, "ok": 7030, "fit_not_converged": 6, "fit_or_filter_exception": 16}, "retries": 20, "last": {"code": 7322, "year": 2021, "status": "ok", "seconds": 2.115, "retries": 0}}
{"completed": 7400, "total": 7984, "elapsed_seconds": 2142.7, "statuses": {"insufficient_history": 298, "ok": 7080, "fit_not_converged": 6, "fit_or_filter_exception": 16}, "retries": 21, "last": {"code": 7609, "year": 2021, "status": "ok", "seconds": 0.722, "retries": 0}}
{"completed": 7450, "total": 7984, "elapsed_seconds": 2162.9, "statuses": {"insufficient_history": 298, "ok": 7130, "fit_not_converged": 6, "fit_or_filter_exception": 16}, "retries": 21, "last": {"code": 7806, "year": 2021, "status": "ok", "seconds": 2.24, "retries": 0}}
{"completed": 7500, "total": 7984, "elapsed_seconds": 2181.2, "statuses": {"insufficient_history": 299, "ok": 7179, "fit_not_converged": 6, "fit_or_filter_exception": 16}, "retries": 21, "last": {"code": 7966, "year": 2021, "status": "ok", "seconds": 3.946, "retries": 0}}
{"completed": 7550, "total": 7984, "elapsed_seconds": 2202.7, "statuses": {"insufficient_history": 299, "ok": 7229, "fit_not_converged": 6, "fit_or_filter_exception": 16}, "retries": 21, "last": {"code": 8088, "year": 2021, "status": "ok", "seconds": 1.433, "retries": 0}}
{"completed": 7600, "total": 7984, "elapsed_seconds": 2224.0, "statuses": {"insufficient_history": 299, "ok": 7279, "fit_not_converged": 6, "fit_or_filter_exception": 16}, "retries": 21, "last": {"code": 8218, "year": 2021, "status": "ok", "seconds": 2.543, "retries": 0}}
{"completed": 7650, "total": 7984, "elapsed_seconds": 2243.0, "statuses": {"insufficient_history": 299, "ok": 7329, "fit_not_converged": 6, "fit_or_filter_exception": 16}, "retries": 21, "last": {"code": 8367, "year": 2021, "status": "ok", "seconds": 2.326, "retries": 0}}
{"completed": 7700, "total": 7984, "elapsed_seconds": 2261.7, "statuses": {"insufficient_history": 299, "ok": 7378, "fit_not_converged": 7, "fit_or_filter_exception": 16}, "retries": 22, "last": {"code": 8699, "year": 2021, "status": "ok", "seconds": 1.702, "retries": 0}}
{"completed": 7750, "total": 7984, "elapsed_seconds": 2279.0, "statuses": {"insufficient_history": 299, "ok": 7428, "fit_not_converged": 7, "fit_or_filter_exception": 16}, "retries": 22, "last": {"code": 8999, "year": 2021, "status": "ok", "seconds": 1.878, "retries": 0}}
{"completed": 7800, "total": 7984, "elapsed_seconds": 2296.7, "statuses": {"insufficient_history": 299, "ok": 7478, "fit_not_converged": 7, "fit_or_filter_exception": 16}, "retries": 22, "last": {"code": 9201, "year": 2021, "status": "ok", "seconds": 0.989, "retries": 0}}
{"completed": 7850, "total": 7984, "elapsed_seconds": 2314.7, "statuses": {"insufficient_history": 299, "ok": 7528, "fit_not_converged": 7, "fit_or_filter_exception": 16}, "retries": 22, "last": {"code": 9470, "year": 2021, "status": "ok", "seconds": 1.141, "retries": 0}}
{"completed": 7900, "total": 7984, "elapsed_seconds": 2335.6, "statuses": {"insufficient_history": 299, "ok": 7578, "fit_not_converged": 7, "fit_or_filter_exception": 16}, "retries": 22, "last": {"code": 9678, "year": 2021, "status": "ok", "seconds": 2.189, "retries": 0}}
{"completed": 7950, "total": 7984, "elapsed_seconds": 2354.0, "statuses": {"insufficient_history": 299, "ok": 7628, "fit_not_converged": 7, "fit_or_filter_exception": 16}, "retries": 22, "last": {"code": 9889, "year": 2021, "status": "ok", "seconds": 0.91, "retries": 0}}
{"completed": 7984, "total": 7984, "elapsed_seconds": 2366.3, "statuses": {"insufficient_history": 299, "ok": 7662, "fit_not_converged": 7, "fit_or_filter_exception": 16}, "retries": 22, "last": {"code": 9994, "year": 2021, "status": "ok", "seconds": 2.498, "retries": 0}}
