RESULT dynamic_close zero 0.881066856967738 0.26388380587998117
RESULT dynamic_close low 0.04449149386283202 0.3578593178497239
RESULT dynamic_close middle -0.7338051969097461 0.7381352381078785
RESULT dynamic_close high -0.9648296766621114 0.9648296766621114
RESULT dynamic_close commission_only -0.2739736790050892 0.4600498571751691
RESULT dynamic_close commission_spread -0.5489481762890005 0.6068645509641512
RESULT dynamic_close commission_spread_slippage -0.7197791197134559 0.724551550973753
BREAK_EVEN dynamic_close {'0.0': 3.3184542669914663, '0.03': 3.048949607182294}
RESULT fixed30_close zero 0.7363229336072548 0.296925223944868
RESULT fixed30_close low -0.04473862194992917 0.44024649051949905
RESULT fixed30_close middle -0.7610212321148295 0.7756678061760507
RESULT fixed30_close high -0.9703829201205326 0.9703829201205326
RESULT fixed30_close commission_only -0.33007611042267926 0.5521648667571735
RESULT fixed30_close commission_spread -0.5838758536603379 0.6741706413255407
RESULT fixed30_close commission_spread_slippage -0.741523945869764 0.7629378794529206
BREAK_EVEN fixed30_close {'0.0': 2.89685184834525, '0.03': 2.4854033370502293}
RESULT fixed50_close zero 0.5690404843469841 0.2806200629485063
RESULT fixed50_close low -0.13024780506378808 0.4128790327570976
RESULT fixed50_close middle -0.7791030856542271 0.7791030856542271
RESULT fixed50_close high -0.9711459252066289 0.9711459252066289
RESULT fixed50_close commission_only -0.394547998626804 0.5385324657041817
RESULT fixed50_close commission_spread -0.6239007253950848 0.6660038967158949
RESULT fixed50_close commission_spread_slippage -0.7663718163728941 0.7663718163728941
BREAK_EVEN fixed50_close {'0.0': 2.365276834461838, '0.03': 2.071285096462816}
RESULT dynamic_target zero 0.5406270340333439 0.22220480051834612
RESULT dynamic_target low -0.14456378416821747 0.3665878087333777
RESULT dynamic_target middle -0.7819992682436203 0.7850386076453018
RESULT dynamic_target high -0.9711997340635147 0.9711997340635147
RESULT dynamic_target commission_only -0.4053937772395996 0.45948783966963624
RESULT dynamic_target commission_spread -0.6306012415190861 0.6384069058490491
RESULT dynamic_target commission_spread_slippage -0.7705112566815082 0.7738926067554158
BREAK_EVEN dynamic_target {'0.0': 2.2697944077663124, '0.03': 2.0002981764264405}
RESULT fixed30_target zero 0.36746671240090145 0.22029206329042517
RESULT fixed30_target low -0.24774466924943095 0.4066928524710255
RESULT fixed30_target middle -0.8118504919055223 0.8149410985077603
RESULT fixed30_target high -0.9766909631818677 0.9766909631818677
RESULT fixed30_target commission_only -0.47246945748456015 0.5354178336235011
RESULT fixed30_target commission_spread -0.672347869443528 0.6822148336949604
RESULT fixed30_target commission_spread_slippage -0.7964934812327511 0.8001459639861144
BREAK_EVEN fixed30_target {'0.0': 1.6428196686320007, '0.03': 1.2313146726228297}
COMPLETE
